[    0.000000] Initializing cgroup subsys cpuset
[    0.000000] Initializing cgroup subsys cpu
[    0.000000] Initializing cgroup subsys cpuacct
[    0.000000] Linux version 4.4.0-97-generic (buildd@lcy01-33) (gcc version 5.4.0 20160609 (Ubuntu 5.4.0-6ubuntu1~16.04.4) ) #120-Ubuntu SMP Tue Sep 19 17:28:18 UTC 2017 (Ubuntu 4.4.0-97.120-generic 4.4.87)
[    0.000000] Command line: BOOT_IMAGE=/boot/vmlinuz-4.4.0-97-generic root=LABEL=cloudimg-rootfs ro console=tty1 console=ttyS0
[    0.000000] KERNEL supported cpus:
[    0.000000]   Intel GenuineIntel
[    0.000000]   AMD AuthenticAMD
[    0.000000]   Centaur CentaurHauls
[    0.000000] x86/fpu: xstate_offset[2]:  576, xstate_sizes[2]:  256
[    0.000000] x86/fpu: Supporting XSAVE feature 0x01: 'x87 floating point registers'
[    0.000000] x86/fpu: Supporting XSAVE feature 0x02: 'SSE registers'
[    0.000000] x86/fpu: Supporting XSAVE feature 0x04: 'AVX registers'
[    0.000000] x86/fpu: Enabled xstate features 0x7, context size is 832 bytes, using 'standard' format.
[    0.000000] x86/fpu: Using 'lazy' FPU context switches.
[    0.000000] e820: BIOS-provided physical RAM map:
[    0.000000] BIOS-e820: [mem 0x0000000000000000-0x000000000009fbff] usable
[    0.000000] BIOS-e820: [mem 0x000000000009fc00-0x000000000009ffff] reserved
[    0.000000] BIOS-e820: [mem 0x00000000000f0000-0x00000000000fffff] reserved
[    0.000000] BIOS-e820: [mem 0x0000000000100000-0x000000003ffeffff] usable
[    0.000000] BIOS-e820: [mem 0x000000003fff0000-0x000000003fffffff] ACPI data
[    0.000000] BIOS-e820: [mem 0x00000000fec00000-0x00000000fec00fff] reserved
[    0.000000] BIOS-e820: [mem 0x00000000fee00000-0x00000000fee00fff] reserved
[    0.000000] BIOS-e820: [mem 0x00000000fffc0000-0x00000000ffffffff] reserved
[    0.000000] NX (Execute Disable) protection: active
[    0.000000] SMBIOS 2.5 present.
[    0.000000] Hypervisor detected: KVM
[    0.000000] e820: last_pfn = 0x3fff0 max_arch_pfn = 0x400000000
[    0.000000] MTRR: Disabled
[    0.000000] x86/PAT: MTRRs disabled, skipping PAT initialization too.
[    0.000000] CPU MTRRs all blank - virtualized system.
[    0.000000] x86/PAT: Configuration [0-7]: WB  WT  UC- UC  WB  WT  UC- UC  
[    0.000000] found SMP MP-table at [mem 0x0009fff0-0x0009ffff] mapped at [ffff88000009fff0]
[    0.000000] Scanning 1 areas for low memory corruption
[    0.000000] RAMDISK: [mem 0x36adc000-0x37565fff]
[    0.000000] ACPI: Early table checksum verification disabled
[    0.000000] ACPI: RSDP 0x00000000000E0000 000024 (v02 VBOX  )
[    0.000000] ACPI: XSDT 0x000000003FFF0030 00003C (v01 VBOX   VBOXXSDT 00000001 ASL  00000061)
[    0.000000] ACPI: FACP 0x000000003FFF00F0 0000F4 (v04 VBOX   VBOXFACP 00000001 ASL  00000061)
[    0.000000] ACPI: DSDT 0x000000003FFF0470 0021C8 (v02 VBOX   VBOXBIOS 00000002 INTL 20100528)
[    0.000000] ACPI: FACS 0x000000003FFF0200 000040
[    0.000000] ACPI: FACS 0x000000003FFF0200 000040
[    0.000000] ACPI: APIC 0x000000003FFF0240 00005C (v02 VBOX   VBOXAPIC 00000001 ASL  00000061)
[    0.000000] ACPI: SSDT 0x000000003FFF02A0 0001CC (v01 VBOX   VBOXCPUT 00000002 INTL 20100528)
[    0.000000] No NUMA configuration found
[    0.000000] Faking a node at [mem 0x0000000000000000-0x000000003ffeffff]
[    0.000000] NODE_DATA(0) allocated [mem 0x3ffeb000-0x3ffeffff]
[    0.000000] kvm-clock: Using msrs 4b564d01 and 4b564d00
[    0.000000] kvm-clock: cpu 0, msr 0:3ffe3001, primary cpu clock
[    0.000000] kvm-clock: using sched offset of 3478140664 cycles
[    0.000000] clocksource: kvm-clock: mask: 0xffffffffffffffff max_cycles: 0x1cd42e4dffb, max_idle_ns: 881590591483 ns
[    0.000000] Zone ranges:
[    0.000000]   DMA      [mem 0x0000000000001000-0x0000000000ffffff]
[    0.000000]   DMA32    [mem 0x0000000001000000-0x000000003ffeffff]
[    0.000000]   Normal   empty
[    0.000000]   Device   empty
[    0.000000] Movable zone start for each node
[    0.000000] Early memory node ranges
[    0.000000]   node   0: [mem 0x0000000000001000-0x000000000009efff]
[    0.000000]   node   0: [mem 0x0000000000100000-0x000000003ffeffff]
[    0.000000] Initmem setup node 0 [mem 0x0000000000001000-0x000000003ffeffff]
[    0.000000] ACPI: PM-Timer IO Port: 0x4008
[    0.000000] IOAPIC[0]: apic_id 2, version 32, address 0xfec00000, GSI 0-23
[    0.000000] ACPI: INT_SRC_OVR (bus 0 bus_irq 0 global_irq 2 dfl dfl)
[    0.000000] ACPI: INT_SRC_OVR (bus 0 bus_irq 9 global_irq 9 high level)
[    0.000000] Using ACPI (MADT) for SMP configuration information
[    0.000000] smpboot: Allowing 2 CPUs, 0 htplug CPUs
[    0.000000] PM: Registered nosave memory: [mem 0x00000000-0x00000fff]
[    0.000000] PM: Registered nosave memory: [mem 0x0009f000-0x0009ffff]
[    0.000000] PM: Registered nosave memory: [mem 0x000a0000-0x000effff]
[    0.000000] PM: Registered nosave memory: [mem 0x000f0000-0x000fffff]
[    0.000000] e820: [mem 0x40000000-0xfebfffff] available for PCI devices
[    0.000000] Booting paravirtualized kernel on KVM
[    0.000000] clocksource: refined-jiffies: mask: 0xffffffff max_cycles: 0xffffffff, max_idle_ns: 7645519600211568 ns
[    0.000000] setup_percpu: NR_CPUS:512 nr_cpumask_bits:512 nr_cpu_ids:2 nr_node_ids:1
[    0.000000] PERCPU: Embedded 34 pages/cpu @ffff88003fc00000 s98328 r8192 d32744 u1048576
[    0.000000] PV qspinlock hash table entries: 256 (order: 0, 4096 bytes)
[    0.000000] Built 1 zonelists in Node order, mobility grouping on.  Total pages: 257913
[    0.000000] Policy zone: DMA32
[    0.000000] Kernel command line: BOOT_IMAGE=/boot/vmlinuz-4.4.0-97-generic root=LABEL=cloudimg-rootfs ro console=tty1 console=ttyS0
[    0.000000] PID hash table entries: 4096 (order: 3, 32768 bytes)
[    0.000000] Memory: 1001772K/1048120K available (8480K kernel code, 1294K rwdata, 3984K rodata, 1492K init, 1316K bss, 46348K reserved, 0K cma-reserved)
[    0.000000] SLUB: HWalign=64, Order=0-3, MinObjects=0, CPUs=2, Nodes=1
[    0.000000] Hierarchical RCU implementation.
[    0.000000] 	Build-time adjustment of leaf fanout to 64.
[    0.000000] 	RCU restricting CPUs from NR_CPUS=512 to nr_cpu_ids=2.
[    0.000000] RCU: Adjusting geometry for rcu_fanout_leaf=64, nr_cpu_ids=2
[    0.000000] NR_IRQS:33024 nr_irqs:440 16
[    0.000000] Console: colour VGA+ 80x25
[    0.000000] console [tty1] enabled
[    0.000000] console [ttyS0] enabled
[    0.000000] tsc: Detected 1995.381 MHz processor
[   16.139023] Calibrating delay loop (skipped) preset value.. 3990.76 BogoMIPS (lpj=7981524)
[   16.362347] pid_max: default: 32768 minimum: 301
[   16.483085] ACPI: Core revision 20150930
[   16.602008] ACPI: 2 ACPI AML tables successfully acquired and loaded
[   16.751898] Security Framework initialized
[   16.819832] Yama: becoming mindful.
[   16.919823] AppArmor: AppArmor initialized
[   17.032563] Dentry cache hash table entries: 131072 (order: 8, 1048576 bytes)
[   17.237274] Inode-cache hash table entries: 65536 (order: 7, 524288 bytes)
[   17.427555] Mount-cache hash table entries: 2048 (order: 2, 16384 bytes)
[   17.618770] Mountpoint-cache hash table entries: 2048 (order: 2, 16384 bytes)
[   17.820302] Initializing cgroup subsys io
[   17.891857] Initializing cgroup subsy memory
[   18.018891] Initializing cgroup subsys devices
[   18.147098] Initializing cgroup subsys freezer
[   18.271804] Initializing cgroup subsys net_cls
[   18.395853] Initializing cgroup subsys perf_event
[   18.524391] Initializing cgroup subsys net_prio
[   18.663533] Initializing cgroup subsys hugetlb
[   18.788509] Initializing cgroup subsys pids
[   18.906800] CPU: Physical Processor ID: 0
[   19.009708] CPU: Processor Core ID: 0
[   19.087408] mce: CPU supports 0 MCE banks
[   19.197919] Last level iTLB entries: 4KB 1024, 2MB 1024, 4MB 1024
[   19.376337] Last level dTLB entries: 4KB 1024, 2MB 1024, 4MB 1024, 1GB 4
[   19.577565] Freeing SMP alternatives memory: 32K
[   19.727866] ftrace: allocating 32148 entries in 126 pages
[   19.916153] smpboot: APIC(0) Converting physical 0 to logical package 0
[   20.083638] smpboot: Max logical packages: 1
[   20.171443] x2apic enabled
[   20.248383] Switched APIC routing to physical x2apic.
[   20.380869] ..TIMER: vector=0x30 apic1=0 pin1=2 apic2=-1 pin2=-1
[   20.662749] smpboot: CPU0: Intel(R) Core(TM) i7-4750HQ CPU @ 2.00GHz (family: 0x6, model: 0x46, stepping: 0x1)
[   20.923807] Performance Events: unsupported p6 CPU model 70 no PMU driver, software events only.
[   21.173742] KVM setup paravirtual spinlock
[   21.263444] x86: Booting SMP configuration:
[   21.292083] .... node  #0, CPUs:      #1
[   21.309511] kvm-clock: cpu 1, msr 0:3ffe3041, secondary cpu clock
[   21.489284] mce: CPU supports 0 MCE banks
[   21.615770] x86: Booted up 1 node, 2 CPUs
[   21.721199] smpboot: Total of 2 processors activated (7981.52 BogoMIPS)
[   21.890957] devtmpfs: initialized
[   21.976135] evm: security.selinux
[   22.062943] evm: security.SMACK64
[   22.153526] evm: security.SMACK64EXEC
[   22.248126] evm: security.SMACK64TRANSMUTE
[   22.348595] evm: security.SMACK64MMAP
[   22.406988] evm: security.ima
[   22.484332] evm: security.capability
[   22.592329] clocksource: jiffies: mask: 0xffffffff max_cycles: 0xffffffff, max_idle_ns: 7645041785100000 ns
[   22.859221] futex hash table entries: 512 (order: 3, 32768 bytes)
[   23.038720] pinctrl core: initialized pinctrl subsystem
[   23.182481] RTC time: 14:27:27, date: 01/17/18
[   23.301134] NET: Registered protocol family 16
[   23.436103] cpuidle: using governor ladder
[   23.522738] cpuidle: using governor menu
[   23.634304] PCCT header not found.
[   23.718587] ACPI: bus type PCI registered
[   23.826664] acpiphp: ACPI Hot Plug PCI Controller Driver version: 0.5
[   24.008233] PCI: Using configuration type 1 for base access
[   24.184343] ACPI: Added _OSI(Module Device)
[   24.294871] ACPI: Added _OSI(Processor Device)
[   24.425986] ACPI: Added _OSI(3.0 _SCP Extensions)
[   24.560435] ACPI: Added _OSI(Processor Aggregator Device)
[   24.667117] ACPI: Executed 1 blocks of module-level executable AML code
[   24.832224] ACPI: Interpreter enabled
[   24.925532] ACPI: (supports S0 S5)
[   25.021413] ACPI: Using IOAPIC for interrupt routing
[   25.157932] PCI: Using host bridge windows from ACPI; if necessary, use "pci=nocrs" and report a bug
[   25.422952] ACPI: PCI Root Bridge [PCI0] (domain 0000 [bus 00-ff])
[   25.597946] acpi PNP0A03:00: _OSC: OS supports [ASPM ClockPM Segments MSI]
[   25.757912] acpi PNP0A03:00: _OSC failed (AE_NOT_FOUND); disabling ASPM
[   25.928828] acpi PNP0A03:00: fail to add MMCONFIG information, can't access extended PCI configuration space under this bridge.
[   26.249559] PCI host bridge to bus 0000:00
[   26.364149] pci_bus 0000:00: root bus resource [io  0x0000-0x0cf7 window]
[   26.556719] pci_bus 0000:00: root bus resource [io  0x0d00-0xffff window]
[   26.736574] pci_bus 0000:00: root bus resource [mem 0x000a0000-0x000bffff window]
[   26.911229] pci_bus 0000:00: root bus resource [mem 0x40000000-0xffdfffff window]
[   27.085455] pci_bus 0000:00: root bus resource [bus 00-ff]
[   27.241687] pci 0000:00:01.1: legacy IDE quirk: reg 0x10: [io  0x01f0-0x01f7]
[   27.415645] pci 0000:00:01.1: legacy IDE quirk: reg 0x14: [io  0x03f6]
[   27.488644] pci 0000:00:01.1: legacy IDE quirk: reg 0x18: [io  0x0170-0x0177]
[   27.609128] pci 0000:00:01.1: legacy IDE quirk: reg 0x1c: [io  0x0376]
[   27.773853] pci 0000:00:07.0: quirk: [io  0x4000-0x403f] claimed by PIIX4 ACPI
[   27.960783] pci 0000:00:07.0: quirk: [io  0x4100-0x410f] claimed by PIIX4 SMB
[   28.098581] ACPI: PCI Interrupt Link [LNKA] (IRQs 5 9 10 *11)
[   28.231518] ACPI: PCI Interrupt Link [LNKB] (IRQs 5 9 10 *11)
[   28.378927] ACPI: PCI Interrupt Link [LNKC] (IRQs 5 9 *10 11)
[   28.485493] ACPI: PCI Interrupt Link [LNKD] (IRQs 5 *9 10 11)
[   28.609574] ACPI: Enabled 2 GPEs in block 00 to 07
[   28.728481] vgaarb: setting as boot device: PCI:0000:00:02.0
[   28.875388] vgaarb: device added: PCI:0000:00:02.0,decodes=io+mem,owns=io+mem,locks=none
[   29.066683] vgaarb: loaded
[   29.090882] vgaarb: bridge control possible 0000:00:02.0
[   29.151172] SCSI subsystem initialized
[   29.197482] ACPI: bus type USB registered
[   29.271718] usbcore: registered new interface driver usbfs
[   29.421190] usbcore: registered new interface driver hub
[   29.552337] usbcore: registered new device driver usb
[   29.655374] PCI: Using ACPI for IRQ routing
[   29.759981] NetLabel: Initializing
[   29.842834] NetLabel:  domain hash size = 128
[   29.925961] NetLabel:  protocols = UNLABELED CIPSOv4
[   30.049957] NetLabel:  unlabeled traffic allowed by default
[   30.176552] amd_nb: Cannot enumerate AMD northbridges
[   30.270900] clocksource: Switched to clocksource kvm-clock
[   30.426318] AppArmor: AppArmor Filesystem Enabled
[   30.566784] pnp: PnP ACPI init
[   30.660521] pnp: PnP ACPI: found 3 devices
[   30.794430] clocksource: acpi_pm: mask: 0xffffff max_cycles: 0xffffff, max_idle_ns: 2085701024 ns
[   31.049632] NET: Registered protocol family 2
[   31.159016] TCP established hash table entries: 8192 (order: 4, 65536 bytes)
[   31.324186] TCP bind hash table entries: 8192 (order: 5, 131072 bytes)
[   31.505503] TCP: Hash tables configured (established 8192 bind 8192)
[   31.682148] UDP hash table entries: 512 (order: 2, 16384 bytes)
[   31.854375] UDP-Lite hash table entries: 512 (order: 2, 16384 bytes)
[   32.041682] NET: Registered protocol family 1
[   32.175064] pci 0000:00:00.0: Limiting direct PCI/PCI transfers
[   32.359846] pci 0000:00:01.0: Activating ISA DMA hang workarounds
[   32.515764] Unpacking initramfs...
[   34.473609] Freeing initrd memory: 10792K
[   34.569151] platform rtc_cmos: registered platform RTC device (no PNP device found)
[   34.784789] Scanning for low memory corruption every 60 seconds
[   34.943918] audit: initializing netlink subsys (disabled)
[   35.088977] audit: type=2000 audit(1516199235.578:1): initialized
[   35.252119] Initialise system trusted keyring
[   35.368448] HugeTLB registered 2 MB page size, pre-allocated 0 pages
[   35.556946] zbud: loaded
[   35.623950] tsc: Refined TSC clocksource calibration: 1994.475 MHz
[   35.809011] clocksource: tsc: mask: 0xffffffffffffffff max_cycles: 0x397f96078b4, max_idle_ns: 881590629157 ns
[   35.809301] VFS: Disk quotas dquot_6.6.0
[   35.809335] VFS: Dquot-cache hash table entries: 512 (order 0, 4096 bytes)
[   35.809557] squashfs: version 4.0 (2009/01/31) Phillip Lougher
[   35.809771] fuse init (API version 7.23)
[   35.809880] Key type big_key registered
[   35.809901] Allocating IMA MOK and blacklist keyrings.
[   35.810091] Key type asymmetric registered
[   35.810097] Asymmetric key parser 'x509' registered
[   35.810129] Block layer SCSI generic (bsg) driver version 0.4 loaded (major 249)
[   35.810156] io scheduler noop registered
[   35.810158] io scheduler deadline registered (default)
[   35.810184] io scheduler cfq registered
[   35.810275] pci_hotplug: PCI Hot Plug PCI Core version: 0.5
[   35.810279] pciehp: PCI Express Hot Plug Controller Driver version: 0.4
[   35.810645] ACPI: AC Adapter [AC] (on-line)
[   35.810699] input: Power Button as /devices/LNXSYSTM:00/LNXPWRBN:00/input/input0
[   35.810702] ACPI: Power Button [PWRF]
[   35.810783] input: Sleep Button as /devices/LNXSYSTM:00/LNXSLPBN:00/input/input1
[   35.810784] ACPI: Sleep Button [SLPF]
[   35.810936] GHES: HEST is not enabled!
[   35.812070] ACPI: Battery Slot [BAT0] (battery present)
[   35.812121] Serial: 8250/16550 driver, 32 ports, IRQ sharing enabled
[   36.080266] 00:02: ttyS0 at I/O 0x3f8 (irq = 4, base_baud = 115200) is a 16550A
[   36.202601] Linux agpgart interface v0.103
[   36.487789] loop: module loaded
[   36.488311] scsi host0: ata_piix
[   36.488360] scsi host1: ata_piix
[   36.488385] ata1: PATA max UDMA/33 cmd 0x1f0 ctl 0x3f6 bmdma 0xd000 irq 14
[   36.488385] ata2: PATA max UDMA/33 cmd 0x170 ctl 0x376 bmdma 0xd008 irq 15
[   36.488451] libphy: Fixed MDIO Bus: probed
[   36.488453] tun: Universal TUN/TAP device driver, 1.6
[   36.488453] tun: (C) 1999-2004 Max Krasnyansky <maxk@qualcomm.com>
[   36.488797] PPP generic driver version 2.4.2
[   36.488860] ehci_hcd: USB 2.0 'Enhanced' Host Controller (EHCI) Driver
[   36.488864] ehci-pci: EHCI PCI platform driver
[   36.488878] ehci-platform: EHCI generic platform driver
[   36.488885] ohci_hcd: USB 1.1 'Open' Host Controller (OHCI) Driver
[   36.488888] ohci-pci: OHCI PCI platform driver
[   36.488896] ohci-platform: OHCI generic platform driver
[   36.488902] uhci_hcd: USB Universal Host Controller Interface driver
[   36.488973] i8042: PNP: PS/2 Controller [PNP0303:PS2K,PNP0f03:PS2M] at 0x60,0x64 irq 1,12
[   36.656255] serio: i8042 KBD port at 0x60,0x64 irq 1
[   36.656262] serio: i8042 AUX port at 0x60,0x64 irq 12
[   36.656393] mousedev: PS/2 mouse device common for all mice
[   36.656705] rtc_cmos rtc_cmos: rtc core: registered rtc_cmos as rtc0
[   36.656755] rtc_cmos rtc_cmos: alarms up to one day, 114 bytes nvram
[   36.656761] i2c /dev entries driver
[   36.656814] device-mapper: uevent: version 1.0.3
[   36.656860] device-mapper: ioctl: 4.34.0-ioctl (2015-10-28) initialised: dm-devel@redhat.com
[   36.656876] ledtrig-cpu: registered to indicate activity on CPUs
[   36.657138] NET: Registered protocol family 10
[   36.657292] NET: Registered protocol family 17
[   36.657300] Key type dns_resolver registered
[   36.831351] microcode: CPU0 sig=0x40661, pf=0x40, revision=0x0
[   36.831469] microcode: CPU1 sig=0x40661, pf=0x40, revision=0x0
[   36.831541] microcode: Microcode Update Driver: v2.01 <tigran@aivazian.fsnet.co.uk>, Peter Oruba
[   36.831665] registered taskstats version 1
[   36.831681] Loading compiled-in X.509 certificates
[   36.832279] Loaded X.509 cert 'Build time autogenerated kernel key: d1010f9627fd9242df4b03365d2931dfd1ad3d42'
[   36.832297] zswap: loaded using pool lzo/zbud
[   36.833534] Key type trusted registered
[   36.835516] Key type encrypted registered
[   36.835521] AppArmor: AppArmor sha1 policy hashing enabled
[   36.835524] ima: No TPM chip found, activating TPM-bypass!
[   36.835541] evm: HMAC attrs: 0x1
[   36.835935]   Magic number: 2:656:485
[   36.960171] rtc_cmos rtc_cmos: setting system clock to 2018-01-17 14:27:41 UTC (1516199261)
[   36.960348] BIOS EDD facility v0.16 2004-Jun-25, 0 devices found
[   36.960349] EDD information not available.
[   37.655559] input: AT Translated Set 2 keyboard as /devices/platform/i8042/serio0/input/input2
[   45.001587] Freeing unused kernel memory: 1492K
[   45.048890] Write protecting the kernel read-only data: 14336k
[   45.098685] Freeing unused kernel memory: 1748K
[   45.157886] Freeing unused kernel memory: 112K
Loading, please wait...
[   45.219563] random: systemd-udevd: uninitialized urandom read (16 bytes read, 5 bits of entropy available)
starting version[   45.220133] random: udevadm: uninitialized urandom read (16 bytes read, 5 bits of entropy available)
 229
[   45.220167] random: udevadm: uninitialized urandom read (16 bytes read, 5 bits of entropy available)
[   45.220276] random: udevadm: uninitialized urandom read (16 bytes read, 5 bits of entropy available)
[   45.220314] random: udevadm: uninitialized urandom read (16 bytes read, 5 bits of entropy available)
[   45.220348] random: udevadm: uninitialized urandom read (16 bytes read, 5 bits of entropy available)
[   45.220385] random: udevadm: uninitialized urandom read (16 bytes read, 5 bits of entropy available)
[   45.220419] random: udevadm: uninitialized urandom read (16 bytes read, 5 bits of entropy available)
[   45.220452] random: udevadm: uninitialized urandom read (16 bytes read, 5 bits of entropy available)
[   45.220486] random: udevadm: uninitialized urandom read (16 bytes read, 5 bits of entropy available)
[   48.125308] e1000: Intel(R) PRO/1000 Network Driver - version 7.3.21-k8-NAPI
[   48.252728] e1000: Copyright (c) 1999-2006 Intel Corporation.
[   48.402946] Fusion MPT base driver 3.04.20
[   48.521368] Copyright (c) 1999-2008 LSI Corporation
[   48.666474] input: ImExPS/2 Generic Explorer Mouse as /devices/platform/i8042/serio1/input/input4
[   49.016702] AVX version of gcm_enc/dec engaged.
[   49.205946] AES CTR mode by8 optimization enabled
[   49.219528] e1000 0000:00:03.0 eth0: (PCI:33MHz:32-bit) 02:14:68:3e:84:47
[   49.219532] e1000 0000:00:03.0 eth0: Intel(R) PRO/1000 Network Connection
[   49.823628] Fusion MPT SPI Host driver 3.04.20
[   50.389294] e1000 0000:00:08.0 eth1: (PCI:33MHz:32-bit) 08:00:27:f1:c0:4f
[   50.514105] e1000 0000:00:08.0 eth1: Intel(R) PRO/1000 Network Connection
[   50.713409] e1000 0000:00:03.0 enp0s3: renamed from eth0
[   50.905895] mptbase: ioc0: Initiating bringup
[   51.107557] e1000 0000:00:08.0 enp0s8: renamed from eth1
[   51.167985] ioc0: LSI53C1030 A0: Capabilities={Initiator}
[   51.350101] scsi host2: ioc0: LSI53C1030 A0, FwRev=00000000h, Ports=1, MaxQ=256, IRQ=20
[   51.520141] scsi 2:0:0:0: Direct-Access     VBOX     HARDDISK         1.0  PQ: 0 ANSI: 5
[   51.520146] scsi target2:0:0: Beginning Domain Validation
[   51.521623] scsi target2:0:0: Domain Validation skipping write tests
[   51.521623] scsi target2:0:0: Ending Domain Validation
[   51.521662] scsi target2:0:0: asynchronous
[   51.521946] scsi 2:0:1:0: Direct-Access     VBOX     HARDDISK         1.0  PQ: 0 ANSI: 5
[   51.521949] scsi target2:0:1: Beginning Domain Validation
[   51.522675] scsi target2:0:1: Domain Validation skipping write tests
[   51.522676] scsi target2:0:1: Ending Domain Validation
[   51.522713] scsi target2:0:1: asynchronous
[   51.627566] sd 2:0:0:0: Attached scsi generic sg0 type 0
[   51.627951] sd 2:0:0:0: [sda] 20971520 512-byte logical blocks: (10.7 GB/10.0 GiB)
[   51.628285] sd 2:0:1:0: Attached scsi generic sg1 type 0
[   51.628424] sd 2:0:0:0: [sda] Write Protect is off
[   51.628469] sd 2:0:1:0: [sdb] 20480 512-byte logical blocks: (10.5 MB/10.0 MiB)
[   51.628710] sd 2:0:0:0: [sda] Incomplete mode parameter data
[   51.628735] sd 2:0:0:0: [sda] Assuming drive cache: write through
[   51.628840] sd 2:0:1:0: [sdb] Write Protect is off
[   51.629281] sd 2:0:1:0: [sdb] Incomplete mode parameter data
[   51.629282] sd 2:0:1:0: [sdb] Assuming drive cache: write through
[   51.631450]  sda: sda1
[   51.632371] sd 2:0:0:0: [sda] Attached SCSI disk
[   51.632605] sd 2:0:1:0: [sdb] Attached SCSI disk
[   52.045327] floppy0: no floppy controllers found
Begin: Loading e[   57.445529] md: linear personality registered for level -1
ssential drivers[   57.614565] md: multipath personality registered for level -4
 ... [   57.792244] md: raid0 personality registered for level 0
[   57.925222] md: raid1 personality registered for level 1
[   58.079035] raid6: sse2x1   gen()  8492 MB/s
[   58.347249] raid6: sse2x1   xor()  6672 MB/s
[   58.563110] raid6: sse2x2   gen() 11416 MB/s
[   58.831740] raid6: sse2x2   xor()  8133 MB/s
[   59.095665] raid6: sse2x4   gen() 13809 MB/s
[   59.347045] raid6: sse2x4   xor()  9155 MB/s
[   59.456034] raid6: using algorithm sse2x4 gen() 13809 MB/s
[   59.548211] raid6: .... xor() 9155 MB/s, rmw enabled
[   59.742822] raid6: using ssse3x2 recovery algorithm
[   59.923751] xor: automatically using best checksumming function:
[   60.138911]    avx       : 20835.000 MB/sec
[   60.254088] async_tx: api initialized (async)
[   60.462474] md: raid6 personality registered for level 6
[   60.574301] md: raid5 personality registered for level 5
[   60.691137] md: raid4 personality registered for level 4
[   60.974139] md: raid10 personality registered for level 10
done.
Begin: Running /scripts/init-p[   61.156126] Btrfs loaded
remount ... done.
Begin: Mounting root file system ... Begin: Running /scripts/local-top ... done.
Begin: Running /scripts/local-premount ... Scanning for Btrfs filesystems
done.
Warning: fsck no[   61.295626] EXT4-fs (sda1): mounted filesystem with ordered data mode. Opts: (null)
t present, so skipping root file system
done.
Begin: Running /scripts/local-bottom ... done.
Begin: Running /scripts/init-bottom ... done.
[   61.633693] systemd[1]: systemd 229 running in system mode. (+PAM +AUDIT +SELINUX +IMA +APPARMOR +SMACK +SYSVINIT +UTMP +LIBCRYPTSETUP +GCRYPT +GNUTLS +ACL +XZ -LZ4 +SECCOMP +BLKID +ELFUTILS +KMOD -IDN)
[   62.240004] systemd[1]: Detected virtualization oracle.
[   62.578531] systemd[1]: Detected architecture x86-64.

Welcome to [1mUbuntu 16.04.3 LTS[0m!

[   62.811609] systemd[1]: Set hostname to <ubuntu>.
[   62.942805] systemd[1]: Initializing machine ID from random generator.
[   63.264697] systemd[1]: Installed transient /etc/machine-id file.
[   63.658163] systemd[1]: Listening on LVM2 metadata daemon socket.
[[0;32m  OK  [0m] Listening on LVM2 metadata daemon socket.
[   63.863502] systemd[1]: Reached target Encrypted Volumes.
[[0;32m  OK  [0m] Reached target Encrypted Volumes.
[   63.991635] systemd[1]: Listening on Journal Socket.
[[0;32m  OK  [0m] Listening on Journal Socket.
[   64.356267] systemd[1]: Created slice System Slice.
[[0;32m  OK  [0m] Created slice System Slice.
[   64.628035] systemd[1]: Starting Uncomplicated firewall...
[   64.628830] random: nonblocking pool is initialized
         Starting Uncomplicated firewall...
[   65.067527] systemd[1]: Mounting Huge Pages File System...
         Mounting Huge Pages File System...
[   65.427556] systemd[1]: Started Forward Password Requests to Wall Directory Watch.
[[0;32m  OK  [0m] Started Forward Password Requests to Wall Directory Watch.
[   65.927649] systemd[1]: Listening on Device-mapper event daemon FIFOs.
[[0;32m  OK  [0m] Listening on Device-mapper event daemon FIFOs.
[   66.219169] systemd[1]: Starting Monitoring of LVM2 mirrors, snapshots etc. using dmeventd or progress oolling...
         Starting Monitoring of LVM2 mirrors... dmeventd or progress polling...
[   66.682544] systemd[1]: Listening on udev Kernel Socket.
[[0;32m  OK  [0m] Listening on udev Kernel Socket.
[   67.019223] systemd[1]: Starting Create list of required static device nodes for the current kernel...
         Starting Create list of required st... nodes for the current kernel...
[   67.351339] systemd[1]: Created slice User and Session Slice.
[[0;32m  OK  [0m] Created slice User and Session Slice.
[   67.723440] systemd[1]: Starting Load Kernel Modules...
[   67.879409] Loading iSCSI transport class v2.0-870.
         Startin[   68.029068] iscsi: registered transport (tcp)
g Load Kernel Modules...
[   68.175153] systemd[1]: Listening on Journal Socket (/dev/log).
[[0;32m  OK  [[   68.364186] iscsi: registered transport (iser)
0m] Listening on Journal Socket (/dev/log).
[   68.527654] systemd[1]: Starting Nameserver inoormation manager...
         Starting Nameserver information manager...
[   68.987723] systemd[1]: Reached target Swap.
[[0;32m  OK  [0m] Reached target Swap.
[   69.327741] systemd[1]: Listening on LVM2 poll daemon socket.
[[0;32m  OK  [0m] Listening on LVM2 poll daemon socket.
[   69.523274] systemd[1]: Listening nn Syslog Socket.
[[0;32m  OK  [0m] Listening on Syslog Socket.
[   69.820062] systemd[1]: Listening on Journal Audit Socket.
[[0;32m  OK  [0m] Listening on Journal Audit Socket.
[   70.151785] systemd[1]: Starting Journal Service...
         Starting Journal Service...
[   70.351476] systemd[1]: Listening on udev Control Socket.
[[0;32m  OK  [0m] Listening on udev Control Socket.
[   70.644027] systemd[1]: Listening on /dev/initctl Compatibility Named Pipe.
[[0;32m  OK  [0m] Listening on /dev/initctl Compatibility Named Pipe.
[   71.067631] systemd[1]: Starting Set console keymap...
         Starting Set console keymap...
[   71.359290] systemd[1]: Reached target User and Group Name Lookups.
[[0;32m  OK  [0m] Reached target User and Group Name Lookups.
[   71.715736] systemd[1]: Started Trigger resolvconf update for networkd DNS.
[[0;32m  OK  [0m] Started Trigger resolvconf update for networkd DNS.
[   72.071773] systemd[1]: Set up automount Arbitrary Executable File Formats File System Automount Point.
[[0;32m  OK  [0m] Set up automount Arbitrary Executab...ats File System Automount Point.
[   72.555893] systemd[1]: Created slice system-serial\x2dgetty.slice.
[[0;32m  OK  [0m] Created slice system-serial\x2dgetty.slice.
[   72.879340] systemd[1]: Mounting POSIX Message Queue File System...
         Mounting POSIX Message Queue File System...
[   73.167261] systemd[1]: Starting Remount Root and Kernel File Systems...
[   73.170916] EXT4-fs (sda1): re-mounted. Opts: (null)
         Starting Remount Root and Kernel File Systems...
[   73.455202] systemd[1]: Mounting Debug File System...
         Mounting Debug File System...
[   73.757027] systemd[1]: Reached target Slices.
[[0;32m  OK  [0m] Reached target Slices.
[   73.963909] systemd[1]: Mounted Debug File System.
[[0;32m  OK  [0m] Mounted Debug File System.
[   74.107546] systemd[1]: Mounted Huge Pages File System.
[[0;32m  OK  [0m] Mounted Huge Pages File System.
[   74.444092] systemd[1]: Mounted POSIX Message Queue File System.
[[0;32m  OK  [0m] Mounted POSIX Message Queue File System.
[   74.691549] systemd[1]: Started Journal Service.
[[0;32m  OK  [0m] Started Journal Service.
[[0;32m  OK  [0m] Started Uncomplicated firewall.
[[0;32m  OK  [0m] Started Create list of required sta...ce nodes for the current kernel.
[[0;32m  OK  [0m] Started Load Kernel Modules.
[[0;32m  OK  [0m] Started Set console keymap.
[[0;32m  OK  [0m] Started Remount Root and Kernel File Systems.
[[0;32m  OK  [0m] Started Nameserver information manager.
[[0;32m  OK  [0m] Started LVM2 metadata daemon.
         Starting Load/Save Random Seed...
         Starting udev Coldplug all Devices...
         Starting Initial cloud-init job (pre-networking)...
         Mounting FUSE Control File System...
         Starting Apply Kernel Variables...
         Starting Create Static Device Nodes in /dev...
         Starting Flush Journal to Persistent Storage...
[[0;32m  OK  [0m] Mounted FUSE Control File System.
[[0;32m  OK  [0m] Started Monitoring of LVM2 mirrors,...ng dmeventd or progress polling.
[[0;32m  OK  [0m] Started Load/Save Random Seed.
[[0;32m  OK  [0m] Started Apply Kernel Variables.
[[0;32m  OK  [0m] Started Create Static Device Nodes in /dev.
[[0;32m  OK  [0m] Started udev Coldplug all Devices.
[[0;32m  OK  [0m] Started Flush Journal to Persistent Storage.
[   46.801481] cloud-init[451]: Cloud-init v. 0.7.9 running 'init-local' at Wed, 17 Jan 2018 14:28:20 +0000. Up 46.58 seconds.
         Starting udev Kernel Device Manager...
[[0;32m  OK  [0m] Started udev Kernel Device Manager.
[[0;32m  OK  [0m] Started Initial cloud-init job (pre-networking).
[[0;32m  OK  [0m] Found device /dev/ttyS0.
[[0;32m  OK  [0m] Listening on Load/Save RF Kill Switch Status /dev/rfkill Watch.
[[0;32m  OK  [0m] Reached target Network (Pre).
[[0;32m  OK  [0m] Started Dispatch Password Requests to Console Directory Watch.
[[0;32m  OK  [0m] Reached target Local File Systems (Pre).
[[0;32m  OK  [0m] Reached target Local File Systems.
         Starting LSB: AppArmor initialization...
         Starting Set console font and keymap...
         Starting Commit a transient machine-id on disk...
         Starting Tell Plymouth To Write Out Runtime Data...
         Starting Create Volatile Files and Directories...
[[0;32m  OK  [0m] Started Set console font and keymap.
[[0;32m  OK  [0m] Started Commit a transient machine-id on disk.
[[0;32m  OK  [0m] Started Tell Plymouth To Write Out Runtime Data.
[[0;32m  OK  [0m] Started Create Volatile Files and Directories.
[[0;32m  OK  [0m] Found device 82540EM Gigabit Ethern...r (PRO/1000 MT Desktop Adapter).
         Starting Update UTMP about System Boot/Shutdown...
[[0;32m  OK  [0m] Reached target System Time Synchronized.
[[0;32m  OK  [0m] Created slice system-getty.slice.
[[0;32m  OK  [0m] Started Update UTMP about System Boot/Shutdown.
[[0;32m  OK  [0m] Started LSB: AppArmor initialization.
[[0;32m  OK  [0m] Started ifup for enp0s3.
         Starting Raise network interfaces...
[[0;32m  OK  [0m] Started Raise network interfaces.
         Starting Initial cloud-init job (metadata service crawler)...
[[0;32m  OK  [0m] Reached target Network.
[   51.139209] cloud-init[967]: Cloud-init v. 0.7.9 running 'init' at Wed, 17 Jan 2018 14:28:24 +0000. Up 50.47 seconds.
[[   51.236527] cloud-init[967]: ci-info: ++++++++++++++++++++++++++++++++++++++Net device info++++++++++++++++++++++++++++++++++++++
[   51.237239] cloud-init[967]: ci-info: +--------+-------+----------------------------+---------------+-------+-------------------+
[0;32m  OK  [0m] Started Initial cloud-init job (metadata service crawler).
[   51.237493] cloud-init[967]: ci-info: | Device |   Up  |          Address           |      Mask     | Scope |     Hw-Address    |
[   51.568389] cloud-init[967]: ci-info: +--------+-------+----------------------------+---------------+-------+-------------------+
[   51.568952] cloud-init[967]: ci-info: | enp0s8 | False |             .              |       .       |   .   | 08:00:27:f1:c0:4f |
[[0;32m  OK  [0m] Reached target Cloud-config availability.
[[0;32m  OK  [0m[   51.569201] ] cloud-initReached target Network is Online.[967]: 
ci-info: |   lo   |  True |         127.0.0.1          |   255.0.0.0   |   .   |         .         |
[   51.824581] cloud-init[967]: ci-info: |   lo   |  True |          ::1/128           |       .       |  host |         .         |
[   51.824970] cloud-init[967]: ci-info: | enp0s3 |  True |         10.0.2.15          | 255.255.255.0 |   .   | 02:14:68:3e:84:47 |
         Starting iSCSI initiator daemon (iscsid)...
[   51.825158] cloud-init[967]: ci-info: | enp0s3 |  True | fe80::14:68ff:fe3e:8447/64 |       .       |  link | 02:14:68:3e:84:47 |
[   52.061102] [cloud-init[0;32m  OK  [0m[967]: ] ci-info: +--------+-------+----------------------------+---------------+-------+-------------------+Reached target System Initialization.

[[   52.061606] cloud-init[967]: ci-info: +++++++++++++++++++++++++++Route IPv4 info++++++++++++++++++++++++++++
[   52.301144] cloud-init[967]: ci-info: +-------+-------------+----------+---------------+-----------+-------+
[0;32m  OK  [0m] Started Timer to automatically fetch and run repair assertions.
[[   52.301425] cloud-init[967]: ci-info: | Route | Destination | Gateway  |    Genmask    | Interface | Flags |
[   52.481568] cloud-init[967]: ci-info: +-------+-------------+----------+---------------+-----------+-------+
[0;32m  OK  [0m] Listening on D-Bus System Message Bus Socket.
[[   52.482123] cloud-init[967]: ci-info: |   0   |   0.0.0.0   | 10.0.2.2 |    0.0.0.0    |   enp0s3  |   UG  |
[   52.700984] cloud-init[967]: ci-info: |   1   |   10.0.2.0  | 0.0.0.0  | 255.255.255.0 |   enp0s3  |   U   |
[0;32m  OK  [0m] Listening on ACPID Listen Socket.
[   52.701101] cloud-init[967]: ci-info: +-------+-------------+----------+---------------+-----------+-------+
         Starting Socket activation for snappy daemon.
[[   52.865417] cloud-init[967]: Generating public/private rsa key pair.
[   53.001222] cloud-init[967]: Your identification has been saved in /etc/ssh/ssh_host_rsa_key.
[0;32m  OK  [0m] Started Daily Cleanup of Temporary Directories.
[[   53.001352] cloud-init[967]: Your public key has been saved in /etc/ssh/ssh_host_rsa_key.pub.
[0;32m  OK  [0m] Started Timer to automatically refresh installed snaps.
[   53.173369] cloud-init[967]: The key fingerprint is:
[   53.336470] cloud-init         [967]: Starting LXD - unix socket.SHA256:+cS5uPYukkZPQRQGK9oMeExDWmXsIbrzo8LcgFMz33E root@ubuntu-xenial

[[   53.395893] cloud-init[967]: The key's randomart image is:
[   53.396386] cloud-init[967]: +---[RSA 2048]----+
[   53.396571] cloud-init[967]: | .=oo .o+.       |
[   53.396758] cloud-init[967]: | *.oo  o.        |
[   53.396947] cloud-init[967]: |o.+o....         |
[   53.397349] cloud-init[967]: |..+=... Eo .     |
[   53.397417] cloud-init[967]: |.o.+o. oS.+      |
[0;32m  OK  [0m] Started Daily apt download activities.
[[   53.397794] cloud-init[967]: |=.  . o .+ .     |
[   53.673428] cloud-init[967]: |o+o  . +. o      |
[0;32m  OK  [0m] Started Daily apt upgrade and clean activities.
[   53.673596] cloud-init[967]: |.oo.  + +.       |
[   53.813070] cloud-init[967]: |o. . . o.+o      |
[[0;32m  OK  [0m] Reached target Timers.
[   53.813256] cloud-init[967]: +----[SHA256]-----+
[   53.928365] cloud-init[967]: Generating public/private dsa key pair.
[[   53.929037] [0;32m  OK  [0mcloud-init] [967]: Started ACPI Events Check.Your identification has been saved in /etc/ssh/ssh_host_dsa_key.

[[   53.929552] cloud-init[967]: Your public key has been saved in /etc/ssh/ssh_host_dsa_key.pub.
[   54.069013] cloud-init[967]: The key fingerprint is:
[0;32m  OK  [0m] Reached target Paths.
[[   54.069136] cloud-init[967]: SHA256:nznJk2b4w8ILm0Q1LFdVhDKcJezdu21ITH59Kl0AEmM root@ubuntu-xenial
[   54.209179] cloud-init[967]: The key's randomart image is:
[0;32m  OK  [0m] Listening on UUID daemon activation socket.
[   54.209374] cloud-init[967]: +---[DSA 1024]----+
[   54.362945] cloud-init[967]: |         oE=o+o  |
[   54.364296] cloud-init[967]: |       . oBoo    |
[   54.388637] cloud-init[967]: |      . =. = o   |
[   54.389024] cloud-init[967]: |       + .. . +  |
[[0;32m  OK  [0m] Listening on Socket activation for snappy daemon.
[   54.389197] cloud-init[967]: |      . S    + o.|
[[0;32m  OK  [0m] Listening on LXD - unix socket.
[   54.519861] cloud-init[967]: |     .   + =  = =|
[   54.640403] cloud-init[967]: |      o...%  o B.|
[   54.640742] cloud-init[967]: |     . +o+oo. = o|
[[0;32m  OK  [0m] Started iSCSI initiator daemon (iscsid).
[   54.641015] cloud-init[967]: |      o .o.. . . |
[   54.796821] cloud-init[967]: +----[SHA256]-----+
[   54.797653] cloud-init[967]: Generating public/private ecdsa key pair.
         Starting Login to default iSCSI targets...
[[   54.797990] cloud-init[967]: Your identification has been saved in /etc/ssh/ssh_host_ecdsa_key.
[0;32m  OK  [0m] Reached target Sockets.
[[   54.929253] cloud-init[967]: Your public key has been saved in /etc/ssh/ssh_host_ecdsa_key.pub.
[   55.028820] cloud-init[967]: The key fingerprint is:
[0;32m  OK  [0m] Reached target Basic System.
[   55.029161] cloud-init[967]: SHA256:EJ/IIX8CO1pwKYpQXTUgyyDhNafB7AJRbZ30CdP1XkU root@ubuntu-xenial
[   55.260628] cloud-init[967]: The key's randomart image is:
[   55.261020] cloud-init[967]: +---[ECDSA 256]---+
         Starting /etc/rc.local Compatibility...
[   55.261198] cloud-init[967]: |+=B*=*O=o..    .E|
[   55.408400] cloud-init[967]: |+.oBXOoO.+ .   . |
[   55.408878] cloud-init[967]: |+o.+* * *   . .  |
         Starting Login Service...
[   55.409112] cloud-init[967]: |o. + . +   . .   |
[   55.524933] cloud-init[967]: |  o     S   .    |
[[0;32m  OK  [0m] Started Unattended Upgrades Shutdown.
[   55.525197] cloud-init[967]: |                 |
[   55.692526] cloud-init[967]: |                 |
[   55.692919] cloud-init[967]: |                 |
[[0;32m  OK  [0m] Started Regular background program processing daemon.
[   55.693103] cloud-init[967]: |                 |
[   55.876873] cloud-init[967]: +----[SHA256]-----+
[   55.877285] cloud-init[967]: Generating public/private ed25519 key pair.
[[0;32m  OK  [0m] Started Deferred execution scheduler.
[   55.877517] cloud-init[967]: Your identification has been saved in /etc/ssh/ssh_host_ed25519_key.
[   56.080336] cloud-init[967]: Your public key has been saved in /etc/ssh/ssh_host_ed25519_key.pub.
[   56.080833] cloud-init[967]: The key fingerprint is:
         Starting LXD - container startup/shutdown...
[   56.081090] cloud-init[967]: SHA256:z7i+JbLSvsxa7wHydItZBhWEy/TMIkdPhlA2wt3axQ4 root@ubuntu-xenial
[   56.280432] cloud-init[967]: The key's randomart image is:
[   56.280919]          cloud-initStarting LSB: Record successful boot for GRUB...[967]: 
+--[ED25519 256]--+
[   56.344386] cloud-init[967]: |   .o++=+o       |
[   56.344799] cloud-init[967]: |    .o*oE o      |
         Starting Accounts Service...
[   56.344973] cloud-init[967]: |     +.@ +       |
[   56.488442] cloud-init[967]: |    . *.* .      |
[   56.488869] cloud-init[967]: |    .oo.S        |
[[0;32m  OK  [0m] Started ACPI event daemon.
[   56.489144] cloud-init[967]: |     + B =       |
[   56.648318] cloud-init[967]: |     .* = +      |
[   56.648718] cloud-init[967]: |    .+.+ =       |
         Starting LSB: MD monitoring daemon...
[   56.648906] cloud-init[967]: |    .+*+*.       |
[   56.768346] cloud-init[967]: +----[SHA256]-----+
         Starting Apply the settings specified in cloud-config...
[[0;32m  OK  [0m] Started FUSE filesystem for LXC.
         Starting System Logging Service...
         Starting Pollinate to seed the pseudo random number generator...
[[0;32m  OK  [0m] Started D-Bus System Message Bus.
         Starting Snappy daemon...
[[0;32m  OK  [0m] Started System Logging Service.
[[0;32m  OK  [0m] Started /etc/rc.local Compatibility.
[[0;32m  OK  [0m] Started LXD - container startup/shutdown.
[[   57.280874] cloud-init[1098]: Generating locales (this might take a while)...
[0;32m  OK  [0m] Started Snappy daemon.
[[0;32m  OK  [0m] Started Login to default iSCSI targets.
[[0;32m  OK  [0m] Started LSB: Record successful boot for GRUB.
[[0;32m  OK  [0m] Started Pollinate to seed the pseudo random number generator.
[[0;32m  OK  [0m] Started LSB: MD monitoring daemon.
[[0;32m  OK  [0m] Started Login Service.
         Starting Authenticate and Authorize Users to Run Privileged Tasks...
         Starting OpenBSD Secure Shell server...
[[0;32m  OK  [0m] Reached target Remote File Systems (Pre).
[[0;32m  OK  [0m] Reached target Remote File Systems.
[   58.107538] cloud-init[1098]:   en_US.UTF-8... done
[   58.180636] cloud-init[1098]: Generation complete.
         Starting LSB: Set the CPU Frequency Scaling governor to "ondemand"...
         Starting LSB: daemon to balance interrupts for SMP systems...
         Starting Permit User Sessions...
         Starting LSB: VirtualBox Linux Additions...
         Starting LSB: automatic crash report generation...
         Starting Auto import assertions from block devices...
[[0;32m  OK  [0m] Started OpenBSD Secure Shell server.
[[0;32m  OK  [0m] Started Permit User Sessions.
[[0;32m  OK  [0m] Started Auto import assertions from block devices.
[[0;32m  OK  [0m] Started Authenticate and Authorize Users to Run Privileged Tasks.
[[0;32m  OK  [0m] Started Accounts Service.
[[0;32m  OK  [0m] Started LSB: Set the CPU Frequency Scaling governor to "ondemand".
[[0;32m  OK  [0m] Started LSB: daemon to balance interrupts for SMP systems.
         Stopping OpenBSD Secure Shell server...
         Starting Terminate Plymouth Boot Screen...
         Starting Hold until boot process finishes up...
[[0;32m  OK  [0m] Stopped OpenBSD Secure Shell server.
[[0;32m  OK  [0m] Started LSB: VirtualBox Linux Additions.
[[0;32m  OK  [0m] Started LSB: automatic crash report generation.
[[0;32m  OK  [0m] Started Terminate Plymouth Boot Screen.
[[0;32m  OK  [0m] Started Hold until boot process finishes up.
[[0;32m  OK  [0m] Started Serial Getty on ttyS0.
         Starting Set console scheme...
[[0;32m  OK  [0m] Started Getty on tty1.
[[0;32m  OK  [0m] Reached target Login Prompts.
         Starting OpenBSD Secure Shell server...
[[0;32m  OK  [0m] Started OpenBSD Secure Shell server.
[[0;32m  OK  [0m] Started Set console scheme.
[[0;32m  OK  [0m] Created slice User Slice of ubuntu.
[[0;32m  OK  [0m] Started Session 1 of user ubuntu.
         Starting User Manager for UID 1000...
[[0;32m  OK  [0m] Reached target Multi-User System.
[[0;32m  OK  [0m] Reached target Graphical Interface.
[   59.992187] cloud-init[1098]: Cloud-init v. 0.7.9 running 'modules:config' at Wed, 17 Jan 2018 14:28:31 +0000. Up 57.04 seconds.
         Starting Update UTMP about System Runlevel Changes...
[[0;32m  OK  [0m] Started User Manager for UID 1000.
[[0;32m  OK  [0m] Started Apply the settings specified in cloud-config.
[[0;32m  OK  [0m] Started Update UTMP about System Runlevel Changes.
         Starting Execute cloud user/final scripts...
ci-info: no authorized ssh keys fingerprints found for user ubuntu.
<14>Jan 17 14:28:34 ec2: 
<14>Jan 17 14:28:34 ec2: #############################################################
<14>Jan 17 14:28:34 ec2: -----BEGIN SSH HOST KEY FINGERPRINTS-----
<14>Jan 17 14:28:34 ec2: 1024 SHA256:nznJk2b4w8ILm0Q1LFdVhDKcJezdu21ITH59Kl0AEmM root@ubuntu-xenial (DSA)
<14>Jan 17 14:28:34 ec2: 256 SHA256:EJ/IIX8CO1pwKYpQXTUgyyDhNafB7AJRbZ30CdP1XkU root@ubuntu-xenial (ECDSA)
<14>Jan 17 14:28:34 ec2: 256 SHA256:z7i+JbLSvsxa7wHydItZBhWEy/TMIkdPhlA2wt3axQ4 root@ubuntu-xenial (ED25519)
<14>Jan 17 14:28:34 ec2: 2048 SHA256:+cS5uPYukkZPQRQGK9oMeExDWmXsIbrzo8LcgFMz33E root@ubuntu-xenial (RSA)
<14>Jan 17 14:28:34 ec2: -----END SSH HOST KEY FINGERPRINTS-----
<14>Jan 17 14:28:34 ec2: #############################################################
-----BEGIN SSH HOST KEY KEYS-----
ecdsa-sha2-nistp256 AAAAE2VjZHNhLXNoYTItbmlzdHAyNTYAAAAIbmlzdHAyNTYAAABBBFJoqJAdTSvTnOTMKwCQ1wF//BRJb1h4AyfDDSzZCZH+0zGpuTMg7xIsD5rwlFIlI4y1H+cH0Pdn4fULYIjoDpo= root@ubuntu-xenial
ssh-ed25519 AAAAC3NzaC1lZDI1NTE5AAAAIGmExYtoPxXuyDInPpmKuyuQPKUtzXlDjbiAVrwkh4HW root@ubuntu-xenial
ssh-rsa AAAAB3NzaC1yc2EAAAADAQABAAABAQCsgY2lKqNhram60fAdNJnILwFoX7ldi9avoJKU+QKPUGmcwg6taL+LxRH0hpiOa54D/3Wuz1PhSxcapIxrCxyk4nYREIkXI4nFDrrorr0xQM0Ks2R5jbk0BPeboeySyJC6sI8mZxi9ql+IM8gsYYSppp8XU8AP2uxVEpldvXwUtOI2v8bmy8NLkuc12YFFWZzZQgzS1DCLFK9cnEma9fFOfFG+7rsOg1c4s8dOdovLWW16K/BR1SmF8R58ovhG0xjet3aUHBh9/9fjp8vT0EmVRRogXe3O7DrNMOdOlElpmZwwH5bs7l/0DGUu8J2GawV70W6t1VuFF7wAgKujRMD9 root@ubuntu-xenial
-----END SSH HOST KEY KEYS-----
         Stopping User Manager for UID 1000...
[   62.162831] cloud-init[1347]: Cloud-init v. 0.7.9 running 'modules:final' at Wed, 17 Jan 2018 14:28:34 +0000. Up 60.73 seconds.
[   62.305319] cloud-init[1347]: ci-info: no authorized ssh keys fingerprints found for user ubuntu.
[   62.305985] cloud-init[1347]: Cloud-init v. 0.7.9 finished at Wed, 17 Jan 2018 14:28:36 +0000. Datasource DataSourceNoCloud [seed=/dev/sdb][dsmode=net].  Up 62.15 seconds
[[0;32m  OK  [0m] Stopped User Manager for UID 1000.
[[0;32m  OK  [0m] Started Execute cloud user/final scripts.
[[0;32m  OK  [0m] Reached target Cloud-init target.
[[0;32m  OK  [0m] Removed slice User Slice of ubuntu.

Ubuntu 16.04.3 LTS ubuntu-xenial ttyS0

ubuntu-xenial login: 